// Jest Snapshot v1, https://goo.gl/fbAQLP

exports[`OpenCharacter character data change character data load should match snapshot 1`] = `
Array [
  <div>
    <div
        className="row"
    >
        <div
            className="col-12 offset-sm-2 col-sm-8"
        >
            <label
                className="label-font-size"
            >
                <span>
                    Paste character data below
                </span>
            </label>
            <textarea
                className="content-font-size"
                id="character-data-input"
                onChange={[Function]}
            />
            <button
                className="btn btn-dark btn-sm content-font-size"
                onClick={[Function]}
            >
                <span>
                    Open pasted character
                </span>
            </button>
        </div>
    </div>
</div>,
  ";",
]
`;

exports[`OpenCharacter should match previous snapshot 1`] = `
Array [
  <div>
    <div
        className="row"
    >
        <div
            className="col-12 offset-sm-2 col-sm-8"
        >
            <label
                className="label-font-size"
            >
                <span>
                    Paste character data below
                </span>
            </label>
            <textarea
                className="content-font-size"
                id="character-data-input"
                onChange={[Function]}
            />
            <button
                className="btn btn-dark btn-sm content-font-size"
                onClick={[Function]}
            >
                <span>
                    Open pasted character
                </span>
            </button>
        </div>
    </div>
</div>,
  ";",
]
`;
