// Jest Snapshot v1, https://goo.gl/fbAQLP

exports[`Header should match previous snapshot 1`] = `
Array [
  <div
    className="row header"
>
    <div
        className="col-3"
    >
        <a
            href="/"
            onClick={[Function]}
        >
            <span>
                Home
            </span>
        </a>
    </div>
    <div
        className="col-9 text-right"
    >
        <a
            className="localeChangeButton"
            onClick={[Function]}
        >
            EN
        </a>
        <a
            className="localeChangeButton"
            onClick={[Function]}
        >
            PL
        </a>
    </div>
</div>,
  ";",
]
`;
